   Compiling tpt-av-cadence-aac v0.1.0 (C:\Programming\2 WIP\tpt-cadence\tpt-av-cadence-aac)
    Finished `release` profile [optimized] target(s) in 1.38s
     Running `C:\Programming\2 WIP\tpt-cadence\target\release\examples\aac_dump.exe tests/data/tone.aac target/tone_mine.f32`
open tests/data/tone.aac: 44100 Hz, 1 ch
[el] iter 1 pos 0
[el] iter 2 pos 135
[el] iter 3 pos 2513
[frame 0 ch0] seq=1 kb_prev=false kb_cur=false max_sfb=47 tns_filt=1
[el] iter 1 pos 0
[el] iter 2 pos 3198
[frame 1 ch0] seq=2 kb_prev=false kb_cur=false max_sfb=13 tns_filt=8
[el] iter 1 pos 0
[el] iter 2 pos 1768
[frame 2 ch0] seq=3 kb_prev=false kb_cur=true max_sfb=47 tns_filt=1
[el] iter 1 pos 0
[el] iter 2 pos 2047
[frame 3 ch0] seq=0 kb_prev=true kb_cur=true max_sfb=47 tns_filt=1
[el] iter 1 pos 0
[el] iter 2 pos 2472
[frame 4 ch0] seq=0 kb_prev=true kb_cur=true max_sfb=47 tns_filt=1
[el] iter 1 pos 0
[el] iter 2 pos 2236
[frame 5 ch0] seq=0 kb_prev=true kb_cur=true max_sfb=47 tns_filt=1
[el] iter 1 pos 0
[el] iter 2 pos 2239
[frame 6 ch0] seq=0 kb_prev=true kb_cur=true max_sfb=47 tns_filt=1
[el] iter 1 pos 0
[el] iter 2 pos 2070
[frame 7 ch0] seq=0 kb_prev=true kb_cur=true max_sfb=47 tns_filt=1
[el] iter 1 pos 0
[el] iter 2 pos 2313
[frame 8 ch0] seq=0 kb_prev=true kb_cur=true max_sfb=47 tns_filt=1
[el] iter 1 pos 0
[el] iter 2 pos 2178
[frame 9 ch0] seq=0 kb_prev=true kb_cur=true max_sfb=47 tns_filt=1
[el] iter 1 pos 0
[el] iter 2 pos 2208
[frame 10 ch0] seq=0 kb_prev=true kb_cur=true max_sfb=47 tns_filt=1
[el] iter 1 pos 0
[el] iter 2 pos 2259
[frame 11 ch0] seq=0 kb_prev=true kb_cur=true max_sfb=47 tns_filt=1
[el] iter 1 pos 0
[el] iter 2 pos 2240
[frame 12 ch0] seq=0 kb_prev=true kb_cur=true max_sfb=47 tns_filt=1
[el] iter 1 pos 0
[el] iter 2 pos 2058
[frame 13 ch0] seq=0 kb_prev=true kb_cur=true max_sfb=47 tns_filt=1
[el] iter 1 pos 0
[el] iter 2 pos 2203
[frame 14 ch0] seq=0 kb_prev=true kb_cur=true max_sfb=47 tns_filt=1
[el] iter 1 pos 0
[el] iter 2 pos 2448
[frame 15 ch0] seq=0 kb_prev=true kb_cur=true max_sfb=47 tns_filt=1
[el] iter 1 pos 0
[el] iter 2 pos 2210
[frame 16 ch0] seq=0 kb_prev=true kb_cur=true max_sfb=47 tns_filt=1
[el] iter 1 pos 0
[el] iter 2 pos 2265
[frame 17 ch0] seq=0 kb_prev=true kb_cur=true max_sfb=47 tns_filt=1
[el] iter 1 pos 0
[el] iter 2 pos 2381
[frame 18 ch0] seq=0 kb_prev=true kb_cur=true max_sfb=47 tns_filt=1
[el] iter 1 pos 0
[el] iter 2 pos 2316
[frame 19 ch0] seq=0 kb_prev=true kb_cur=true max_sfb=47 tns_filt=1
[el] iter 1 pos 0
[el] iter 2 pos 1981
[frame 20 ch0] seq=0 kb_prev=true kb_cur=true max_sfb=47 tns_filt=1
[el] iter 1 pos 0
[el] iter 2 pos 1934
[frame 21 ch0] seq=0 kb_prev=true kb_cur=true max_sfb=47 tns_filt=1
[el] iter 1 pos 0
[el] iter 2 pos 2393
[frame 22 ch0] seq=0 kb_prev=true kb_cur=true max_sfb=47 tns_filt=1
[el] iter 1 pos 0
[el] iter 2 pos 2344
[frame 23 ch0] seq=0 kb_prev=true kb_cur=true max_sfb=47 tns_filt=1
[el] iter 1 pos 0
[el] iter 2 pos 2444
[frame 24 ch0] seq=0 kb_prev=true kb_cur=true max_sfb=47 tns_filt=1
[el] iter 1 pos 0
[el] iter 2 pos 2086
[frame 25 ch0] seq=0 kb_prev=true kb_cur=true max_sfb=47 tns_filt=1
[el] iter 1 pos 0
[el] iter 2 pos 1963
[frame 26 ch0] seq=0 kb_prev=true kb_cur=true max_sfb=47 tns_filt=1
[el] iter 1 pos 0
[el] iter 2 pos 2285
[frame 27 ch0] seq=0 kb_prev=true kb_cur=true max_sfb=47 tns_filt=1
[el] iter 1 pos 0
[el] iter 2 pos 2250
[frame 28 ch0] seq=0 kb_prev=true kb_cur=true max_sfb=47 tns_filt=1
[el] iter 1 pos 0
[el] iter 2 pos 2190
[frame 29 ch0] seq=0 kb_prev=true kb_cur=true max_sfb=47 tns_filt=1
[el] iter 1 pos 0
[el] iter 2 pos 2120
[frame 30 ch0] seq=0 kb_prev=true kb_cur=true max_sfb=47 tns_filt=1
[el] iter 1 pos 0
[el] iter 2 pos 2311
[frame 31 ch0] seq=0 kb_prev=true kb_cur=true max_sfb=47 tns_filt=1
[el] iter 1 pos 0
[el] iter 2 pos 2379
[frame 32 ch0] seq=0 kb_prev=true kb_cur=true max_sfb=47 tns_filt=1
[el] iter 1 pos 0
[el] iter 2 pos 2187
[frame 33 ch0] seq=0 kb_prev=true kb_cur=true max_sfb=47 tns_filt=1
[el] iter 1 pos 0
[el] iter 2 pos 2077
[frame 34 ch0] seq=0 kb_prev=true kb_cur=true max_sfb=47 tns_filt=1
[el] iter 1 pos 0
[el] iter 2 pos 2181
[frame 35 ch0] seq=0 kb_prev=true kb_cur=true max_sfb=47 tns_filt=1
[el] iter 1 pos 0
[el] iter 2 pos 2304
[frame 36 ch0] seq=0 kb_prev=true kb_cur=true max_sfb=47 tns_filt=1
[el] iter 1 pos 0
[el] iter 2 pos 2249
[frame 37 ch0] seq=0 kb_prev=true kb_cur=true max_sfb=47 tns_filt=1
[el] iter 1 pos 0
[el] iter 2 pos 2233
[frame 38 ch0] seq=0 kb_prev=true kb_cur=true max_sfb=47 tns_filt=1
[el] iter 1 pos 0
[el] iter 2 pos 2224
[frame 39 ch0] seq=0 kb_prev=true kb_cur=true max_sfb=47 tns_filt=1
[el] iter 1 pos 0
[el] iter 2 pos 2266
[frame 40 ch0] seq=0 kb_prev=true kb_cur=true max_sfb=47 tns_filt=1
[el] iter 1 pos 0
[el] iter 2 pos 2232
[frame 41 ch0] seq=0 kb_prev=true kb_cur=true max_sfb=47 tns_filt=1
[el] iter 1 pos 0
[el] iter 2 pos 2196
[frame 42 ch0] seq=1 kb_prev=true kb_cur=false max_sfb=47 tns_filt=1
[el] iter 1 pos 0
[el] iter 2 pos 2876
[frame 43 ch0] seq=2 kb_prev=false kb_cur=false max_sfb=13 tns_filt=8
[el] iter 1 pos 0
[el] iter 2 pos 33
[frame 44 ch0] seq=2 kb_prev=false kb_cur=false max_sfb=0 tns_filt=8
wrote 45 frames to target/tone_mine.f32
